Archive member included because of file (symbol)

/usr/local/gcc-arm-none-eabi-4_9-2015q3/bin/../lib/gcc/arm-none-eabi/4.9.3/../../../../arm-none-eabi/lib/armv7-m/libg_nano.a(lib_a-errno.o)
                              ./system/src/newlib/_sbrk.o (__errno)
/usr/local/gcc-arm-none-eabi-4_9-2015q3/bin/../lib/gcc/arm-none-eabi/4.9.3/../../../../arm-none-eabi/lib/armv7-m/libg_nano.a(lib_a-impure.o)
                              /usr/local/gcc-arm-none-eabi-4_9-2015q3/bin/../lib/gcc/arm-none-eabi/4.9.3/../../../../arm-none-eabi/lib/armv7-m/libg_nano.a(lib_a-errno.o) (_impure_ptr)
/usr/local/gcc-arm-none-eabi-4_9-2015q3/bin/../lib/gcc/arm-none-eabi/4.9.3/../../../../arm-none-eabi/lib/armv7-m/libg_nano.a(lib_a-strlen.o)
                              ./system/src/diag/Trace.o (strlen)
/usr/local/gcc-arm-none-eabi-4_9-2015q3/bin/../lib/gcc/arm-none-eabi/4.9.3/../../../../arm-none-eabi/lib/armv7-m/libg_nano.a(lib_a-vsnprintf.o)
                              ./system/src/diag/Trace.o (vsnprintf)
/usr/local/gcc-arm-none-eabi-4_9-2015q3/bin/../lib/gcc/arm-none-eabi/4.9.3/../../../../arm-none-eabi/lib/armv7-m/libg_nano.a(lib_a-nano-svfprintf.o)
                              /usr/local/gcc-arm-none-eabi-4_9-2015q3/bin/../lib/gcc/arm-none-eabi/4.9.3/../../../../arm-none-eabi/lib/armv7-m/libg_nano.a(lib_a-vsnprintf.o) (_svfprintf_r)
/usr/local/gcc-arm-none-eabi-4_9-2015q3/bin/../lib/gcc/arm-none-eabi/4.9.3/../../../../arm-none-eabi/lib/armv7-m/libg_nano.a(lib_a-nano-vfprintf_i.o)
                              /usr/local/gcc-arm-none-eabi-4_9-2015q3/bin/../lib/gcc/arm-none-eabi/4.9.3/../../../../arm-none-eabi/lib/armv7-m/libg_nano.a(lib_a-nano-svfprintf.o) (_printf_i)
/usr/local/gcc-arm-none-eabi-4_9-2015q3/bin/../lib/gcc/arm-none-eabi/4.9.3/../../../../arm-none-eabi/lib/armv7-m/libg_nano.a(lib_a-memchr.o)
                              /usr/local/gcc-arm-none-eabi-4_9-2015q3/bin/../lib/gcc/arm-none-eabi/4.9.3/../../../../arm-none-eabi/lib/armv7-m/libg_nano.a(lib_a-nano-svfprintf.o) (memchr)
/usr/local/gcc-arm-none-eabi-4_9-2015q3/bin/../lib/gcc/arm-none-eabi/4.9.3/../../../../arm-none-eabi/lib/armv7-m/libg_nano.a(lib_a-memcpy.o)
                              /usr/local/gcc-arm-none-eabi-4_9-2015q3/bin/../lib/gcc/arm-none-eabi/4.9.3/../../../../arm-none-eabi/lib/armv7-m/libg_nano.a(lib_a-nano-svfprintf.o) (memcpy)
/usr/local/gcc-arm-none-eabi-4_9-2015q3/bin/../lib/gcc/arm-none-eabi/4.9.3/../../../../arm-none-eabi/lib/armv7-m/libg_nano.a(lib_a-memmove.o)
                              /usr/local/gcc-arm-none-eabi-4_9-2015q3/bin/../lib/gcc/arm-none-eabi/4.9.3/../../../../arm-none-eabi/lib/armv7-m/libg_nano.a(lib_a-nano-svfprintf.o) (memmove)
/usr/local/gcc-arm-none-eabi-4_9-2015q3/bin/../lib/gcc/arm-none-eabi/4.9.3/../../../../arm-none-eabi/lib/armv7-m/libg_nano.a(lib_a-nano-freer.o)
                              /usr/local/gcc-arm-none-eabi-4_9-2015q3/bin/../lib/gcc/arm-none-eabi/4.9.3/../../../../arm-none-eabi/lib/armv7-m/libg_nano.a(lib_a-nano-svfprintf.o) (_free_r)
/usr/local/gcc-arm-none-eabi-4_9-2015q3/bin/../lib/gcc/arm-none-eabi/4.9.3/../../../../arm-none-eabi/lib/armv7-m/libg_nano.a(lib_a-nano-mallocr.o)
                              /usr/local/gcc-arm-none-eabi-4_9-2015q3/bin/../lib/gcc/arm-none-eabi/4.9.3/../../../../arm-none-eabi/lib/armv7-m/libg_nano.a(lib_a-nano-svfprintf.o) (_malloc_r)
/usr/local/gcc-arm-none-eabi-4_9-2015q3/bin/../lib/gcc/arm-none-eabi/4.9.3/../../../../arm-none-eabi/lib/armv7-m/libg_nano.a(lib_a-nano-reallocr.o)
                              /usr/local/gcc-arm-none-eabi-4_9-2015q3/bin/../lib/gcc/arm-none-eabi/4.9.3/../../../../arm-none-eabi/lib/armv7-m/libg_nano.a(lib_a-nano-svfprintf.o) (_realloc_r)
/usr/local/gcc-arm-none-eabi-4_9-2015q3/bin/../lib/gcc/arm-none-eabi/4.9.3/../../../../arm-none-eabi/lib/armv7-m/libg_nano.a(lib_a-sbrkr.o)
                              /usr/local/gcc-arm-none-eabi-4_9-2015q3/bin/../lib/gcc/arm-none-eabi/4.9.3/../../../../arm-none-eabi/lib/armv7-m/libg_nano.a(lib_a-nano-mallocr.o) (_sbrk_r)
/usr/local/gcc-arm-none-eabi-4_9-2015q3/bin/../lib/gcc/arm-none-eabi/4.9.3/../../../../arm-none-eabi/lib/armv7-m/libg_nano.a(lib_a-nano-msizer.o)
                              /usr/local/gcc-arm-none-eabi-4_9-2015q3/bin/../lib/gcc/arm-none-eabi/4.9.3/../../../../arm-none-eabi/lib/armv7-m/libg_nano.a(lib_a-nano-reallocr.o) (_malloc_usable_size_r)

Allocating common symbols
Common symbol       size              file

bNewPLL             0x1               ./system/src/driverlib/sysctl.o
errno               0x4               ./system/src/newlib/_syscalls.o
ulSysDiv            0x4               ./system/src/driverlib/sysctl.o
ulOsc               0x4               ./system/src/driverlib/sysctl.o
ulOscSelect         0x4               ./system/src/driverlib/sysctl.o

Discarded input sections

 .group         0x00000000        0x8 ./system/src/newlib/_cxx.o
 .group         0x00000000        0x8 ./system/src/newlib/_cxx.o
 .group         0x00000000        0x8 ./system/src/newlib/_cxx.o
[...]
Memory Configuration

Name             Origin             Length             Attributes
FLASH            0x00000000         0x00040000         xr
RAM              0x20000000         0x00010000         xrw
CCMRAM           0x10000000         0x00000000         xrw
FLASHB1          0x00000000         0x00000000         xr
EXTMEMB0         0x00000000         0x00000000         xr
EXTMEMB1         0x00000000         0x00000000         xr
EXTMEMB2         0x00000000         0x00000000         xr
EXTMEMB3         0x00000000         0x00000000         xr
*default*        0x00000000         0xffffffff

Linker script and memory map

LOAD ./system/src/newlib/_cxx.o
LOAD ./system/src/newlib/_exit.o
LOAD ./system/src/newlib/_sbrk.o
LOAD ./system/src/newlib/_startup.o
LOAD ./system/src/newlib/_syscalls.o
LOAD ./system/src/newlib/assert.o
LOAD ./system/src/driverlib/adc.o
LOAD ./system/src/driverlib/can.o
LOAD ./system/src/driverlib/comp.o
LOAD ./system/src/driverlib/cpu.o
LOAD ./system/src/driverlib/eeprom.o
LOAD ./system/src/driverlib/epi.o
LOAD ./system/src/driverlib/ethernet.o
LOAD ./system/src/driverlib/fan.o
LOAD ./system/src/driverlib/flash.o
LOAD ./system/src/driverlib/fpu.o
LOAD ./system/src/driverlib/gpio.o
LOAD ./system/src/driverlib/hibernate.o
LOAD ./system/src/driverlib/i2c.o
LOAD ./system/src/driverlib/i2s.o
LOAD ./system/src/driverlib/interrupt.o
LOAD ./system/src/driverlib/lpc.o
LOAD ./system/src/driverlib/mpu.o
LOAD ./system/src/driverlib/peci.o
LOAD ./system/src/driverlib/pwm.o
LOAD ./system/src/driverlib/qei.o
LOAD ./system/src/driverlib/ssi.o
LOAD ./system/src/driverlib/sysctl.o
LOAD ./system/src/driverlib/sysexc.o
LOAD ./system/src/driverlib/systick.o
LOAD ./system/src/driverlib/timer.o
LOAD ./system/src/driverlib/uart.o
LOAD ./system/src/driverlib/udma.o
LOAD ./system/src/driverlib/usb.o
LOAD ./system/src/driverlib/watchdog.o
LOAD ./system/src/diag/Trace.o
LOAD ./system/src/diag/trace_impl.o
LOAD ./system/src/cortexm/_initialize_hardware.o
LOAD ./system/src/cortexm/_reset_hardware.o
LOAD ./system/src/cortexm/exception_handlers.o
LOAD ./system/src/cmsis/system_LM3S.o
LOAD ./system/src/cmsis/vectors_LM3S8962.o
LOAD ./src/Timer.o
LOAD ./src/_write.o
LOAD ./src/main.o
LOAD /usr/local/gcc-arm-none-eabi-4_9-2015q3/bin/../lib/gcc/arm-none-eabi/4.9.3/../../../../arm-none-eabi/lib/armv7-m/libstdc++_nano.a
LOAD /usr/local/gcc-arm-none-eabi-4_9-2015q3/bin/../lib/gcc/arm-none-eabi/4.9.3/../../../../arm-none-eabi/lib/armv7-m/libm.a
START GROUP
LOAD /usr/local/gcc-arm-none-eabi-4_9-2015q3/bin/../lib/gcc/arm-none-eabi/4.9.3/armv7-m/libgcc.a
LOAD /usr/local/gcc-arm-none-eabi-4_9-2015q3/bin/../lib/gcc/arm-none-eabi/4.9.3/../../../../arm-none-eabi/lib/armv7-m/libg_nano.a
LOAD /usr/local/gcc-arm-none-eabi-4_9-2015q3/bin/../lib/gcc/arm-none-eabi/4.9.3/../../../../arm-none-eabi/lib/armv7-m/libc_nano.a
END GROUP
START GROUP
LOAD /usr/local/gcc-arm-none-eabi-4_9-2015q3/bin/../lib/gcc/arm-none-eabi/4.9.3/armv7-m/libgcc.a
LOAD /usr/local/gcc-arm-none-eabi-4_9-2015q3/bin/../lib/gcc/arm-none-eabi/4.9.3/../../../../arm-none-eabi/lib/armv7-m/libc_nano.a
END GROUP
                0x20010000                __stack = (ORIGIN (RAM) + 0x10000)
                0x20010000                _estack = __stack
                0x00000400                __Main_Stack_Size = 0x400
                0x00000400                PROVIDE (_Main_Stack_Size, __Main_Stack_Size)
                0x2000fc00                __Main_Stack_Limit = (__stack - __Main_Stack_Size)
                0x2000fc00                PROVIDE (_Main_Stack_Limit, __Main_Stack_Limit)
                0x00000100                _Minimum_Stack_Size = 0x100
                0x20000118                PROVIDE (_Heap_Begin, _end_noinit)
                0x2000fc00                PROVIDE (_Heap_Limit, (__stack - __Main_Stack_Size))

.isr_vector     0x00000000      0x338
 FILL mask 0xff
                0x00000000                __vectors_start = ABSOLUTE (.)
                0x00000000                __vectors_start__ = ABSOLUTE (.)
 *(.isr_vector)
 .isr_vector    0x00000000      0x11c ./system/src/cmsis/vectors_LM3S8962.o
                0x00000000                __isr_vectors
 *(.cfmconfig)
 *(.after_vectors .after_vectors.*)
 .after_vectors
                0x0000011c      0x114 ./system/src/newlib/_startup.o
                0x0000011c                _start
 .after_vectors
                0x00000230      0x104 ./system/src/cortexm/exception_handlers.o
                0x00000230                Reset_Handler
                0x00000238                NMI_Handler
                0x0000023c                HardFault_Handler
                0x00000250                HardFault_Handler_C
                0x00000284                MemManage_Handler
                0x00000288                BusFault_Handler
                0x0000029c                BusFault_Handler_C
                0x000002d0                UsageFault_Handler
                0x000002e4                UsageFault_Handler_C
                0x00000318                SVC_Handler
                0x0000031c                DebugMon_Handler
                0x00000320                PendSV_Handler
 .after_vectors
                0x00000334        0x4 ./system/src/cmsis/vectors_LM3S8962.o
                0x00000334                FLASH_Handler
                0x00000334                I2C0_Handler
                0x00000334                UART2_Handler
                0x00000334                I2C1_Handler
                0x00000334                TIMER2B_Handler
                0x00000334                PWM0_3_Handler
                0x00000334                USB0_Handler
                0x00000334                SSI1_Handler
                0x00000334                COMP0_Handler
                0x00000334                ADC0SS0_Handler
                0x00000334                ADC1SS3_Handler
                0x00000334                COMP2_Handler
                0x00000334                CAN2_Handler
                0x00000334                ADC1SS2_Handler
                0x00000334                TIMER1B_Handler
                0x00000334                ETH0_Handler
                0x00000334                WDT0_Handler
                0x00000334                ADC0SS3_Handler
                0x00000334                CAN0_Handler
                0x00000334                PWM0_1_Handler
                0x00000334                UART1_Handler
                0x00000334                GPIOF_Handler
                0x00000334                ADC0SS1_Handler
                0x00000334                UDMAERR_Handler
                0x00000334                EPI0_Handler
                0x00000334                GPIOD_Handler
                0x00000334                GPIOE_Handler
                0x00000334                ADC1SS1_Handler
                0x00000334                GPIOC_Handler
                0x00000334                TIMER1A_Handler
                0x00000334                Default_Handler
                0x00000334                GPIOA_Handler
                0x00000334                TIMER2A_Handler
                0x00000334                PMW0_FAULT_Handler
                0x00000334                UDMA_Handler
                0x00000334                CAN1_Handler
                0x00000334                QEI0_Handler
                0x00000334                GPIOG_Handler
                0x00000334                GPIOB_Handler
                0x00000334                SYSCTL_Handler
                0x00000334                TIMER0B_Handler
                0x00000334                QEI1_Handler
                0x00000334                TIMER3A_Handler
                0x00000334                ADC0SS2_Handler
                0x00000334                UART0_Handler
                0x00000334                PWM0_0_Handler
                0x00000334                ADC1SS0_Handler
                0x00000334                TIMER3B_Handler
                0x00000334                GPIOH_Handler
                0x00000334                I2S0_Handler
                0x00000334                SSI0_Handler
                0x00000334                COMP1_Handler
                0x00000334                TIMER0A_Handler
                0x00000334                GPIOJ_Handler
                0x00000334                HIB_Handler
                0x00000334                PWM0_2_Handler

.inits          0x00000338       0x28
                0x00000338                __data_regions_array_start = .
                0x00000338        0x4 LONG 0x1b64 LOADADDR (.data)
                0x0000033c        0x4 LONG 0x20000000 ADDR (.data)
                0x00000340        0x4 LONG 0x20000078 (ADDR (.data) + SIZEOF (.data))
                0x00000344        0x4 LONG 0x1b64 LOADADDR (.data_CCMRAM)
                0x00000348        0x4 LONG 0x10000000 ADDR (.data_CCMRAM)
                0x0000034c        0x4 LONG 0x10000000 (ADDR (.data_CCMRAM) + SIZEOF (.data_CCMRAM))
                0x00000350                __data_regions_array_end = .
                0x00000350                __bss_regions_array_start = .
                0x00000350        0x4 LONG 0x20000078 ADDR (.bss)
                0x00000354        0x4 LONG 0x20000118 (ADDR (.bss) + SIZEOF (.bss))
                0x00000358        0x4 LONG 0x10000000 ADDR (.bss_CCMRAM)
                0x0000035c        0x4 LONG 0x10000000 (ADDR (.bss_CCMRAM) + SIZEOF (.bss_CCMRAM))
                0x00000360                __bss_regions_array_end = .
 *(.init)
 *(.fini)
                0x00000360                . = ALIGN (0x4)
                0x00000360                PROVIDE (__preinit_array_start, .)
 *(.preinit_array_sysinit .preinit_array_sysinit.*)
 *(.preinit_array_platform .preinit_array_platform.*)
 *(.preinit_array .preinit_array.*)
                0x00000360                PROVIDE (__preinit_array_end, .)
                0x00000360                . = ALIGN (0x4)
                0x00000360                PROVIDE (__init_array_start, .)
 *(SORT(.init_array.*))
 *(.init_array)
                0x00000360                PROVIDE (__init_array_end, .)
                0x00000360                . = ALIGN (0x4)
                0x00000360                PROVIDE (__fini_array_start, .)
 *(SORT(.fini_array.*))
 *(.fini_array)
                0x00000360                PROVIDE (__fini_array_end, .)

.flashtext
 *(.flashtext .flashtext.*)

.text           0x00000360     0x1801
 *(.text .text.*)
 .text._exit    0x00000360        0x4 ./system/src/newlib/_exit.o
                0x00000360                _exit
 .text._sbrk    0x00000364       0x44 ./system/src/newlib/_sbrk.o
                0x00000364                _sbrk
 .text.__initialize_args
                0x000003a8       0x10 ./system/src/newlib/_syscalls.o
                0x000003a8                __initialize_args
 .text.GPIOBaseValid
                0x000003b8      0x124 ./system/src/driverlib/gpio.o
 .text.GPIODirModeSet
                0x000004dc       0x6c ./system/src/driverlib/gpio.o
                0x000004dc                GPIODirModeSet
 .text.GPIOPadConfigSet
                0x00000548      0x178 ./system/src/driverlib/gpio.o
                0x00000548                GPIOPadConfigSet
 .text.GPIOPinWrite
                0x000006c0       0x24 ./system/src/driverlib/gpio.o
                0x000006c0                GPIOPinWrite
 .text.GPIOPinTypeGPIOOutput
                0x000006e4       0x34 ./system/src/driverlib/gpio.o
                0x000006e4                GPIOPinTypeGPIOOutput
 .text.SysCtlPeripheralValid
                0x00000718      0x3f8 ./system/src/driverlib/sysctl.o
 .text.SysCtlPeripheralEnable
                0x00000b10       0x60 ./system/src/driverlib/sysctl.o
                0x00000b10                SysCtlPeripheralEnable
 .text.trace_printf
                0x00000b70       0x34 ./system/src/diag/Trace.o
                0x00000b70                trace_printf
 .text.trace_puts
                0x00000ba4       0x20 ./system/src/diag/Trace.o
                0x00000ba4                trace_puts
 .text._trace_write_itm
                0x00000bc4       0x48 ./system/src/diag/trace_impl.o
 .text.trace_write
                0x00000c0c        0x8 ./system/src/diag/trace_impl.o
                0x00000c0c                trace_write
 .text.__initialize_hardware_early
                0x00000c14       0x18 ./system/src/cortexm/_initialize_hardware.o
                0x00000c14                __initialize_hardware_early
 .text.__initialize_hardware
                0x00000c2c        0x8 ./system/src/cortexm/_initialize_hardware.o
                0x00000c2c                __initialize_hardware
 .text.dumpExceptionStack
                0x00000c34       0xf0 ./system/src/cortexm/exception_handlers.o
                0x00000c34                dumpExceptionStack
 .text.SystemCoreClockUpdate
                0x00000d24      0x234 ./system/src/cmsis/system_LM3S.o
                0x00000d24                SystemCoreClockUpdate
 .text.SystemInit
                0x00000f58       0x88 ./system/src/cmsis/system_LM3S.o
                0x00000f58                SystemInit
 .text._ZN5Timer5sleepEm
                0x00000fe0       0x14 ./src/Timer.o
                0x00000fe0                Timer::sleep(unsigned long)
 .text.SysTick_Handler
                0x00000ff4       0x14 ./src/Timer.o
                0x00000ff4                SysTick_Handler
 .text.__error__
                0x00001008       0x14 ./src/main.o
                0x00001008                __error__
 .text.main     0x0000101c       0x8c ./src/main.o
                0x0000101c                main
 .text.__errno  0x000010a8        0xc /usr/local/gcc-arm-none-eabi-4_9-2015q3/bin/../lib/gcc/arm-none-eabi/4.9.3/../../../../arm-none-eabi/lib/armv7-m/libg_nano.a(lib_a-errno.o)
                0x000010a8                __errno
 .text.strlen   0x000010b4       0x10 /usr/local/gcc-arm-none-eabi-4_9-2015q3/bin/../lib/gcc/arm-none-eabi/4.9.3/../../../../arm-none-eabi/lib/armv7-m/libg_nano.a(lib_a-strlen.o)
                0x000010b4                strlen
 .text._vsnprintf_r
                0x000010c4       0x52 /usr/local/gcc-arm-none-eabi-4_9-2015q3/bin/../lib/gcc/arm-none-eabi/4.9.3/../../../../arm-none-eabi/lib/armv7-m/libg_nano.a(lib_a-vsnprintf.o)
                0x000010c4                _vsnprintf_r
                0x000010c4                _vsniprintf_r
 *fill*         0x00001116        0x2 
 .text.vsnprintf
                0x00001118       0x20 /usr/local/gcc-arm-none-eabi-4_9-2015q3/bin/../lib/gcc/arm-none-eabi/4.9.3/../../../../arm-none-eabi/lib/armv7-m/libg_nano.a(lib_a-vsnprintf.o)
                0x00001118                vsnprintf
                0x00001118                vsniprintf
 .text.__ssputs_r
                0x00001138       0xb2 /usr/local/gcc-arm-none-eabi-4_9-2015q3/bin/../lib/gcc/arm-none-eabi/4.9.3/../../../../arm-none-eabi/lib/armv7-m/libg_nano.a(lib_a-nano-svfprintf.o)
                0x00001138                __ssputs_r
 *fill*         0x000011ea        0x2 
 .text._svfprintf_r
                0x000011ec      0x1e4 /usr/local/gcc-arm-none-eabi-4_9-2015q3/bin/../lib/gcc/arm-none-eabi/4.9.3/../../../../arm-none-eabi/lib/armv7-m/libg_nano.a(lib_a-nano-svfprintf.o)
                0x000011ec                _svfprintf_r
                0x000011ec                _svfiprintf_r
 .text._printf_common
                0x000013d0       0xea /usr/local/gcc-arm-none-eabi-4_9-2015q3/bin/../lib/gcc/arm-none-eabi/4.9.3/../../../../arm-none-eabi/lib/armv7-m/libg_nano.a(lib_a-nano-vfprintf_i.o)
                0x000013d0                _printf_common
 *fill*         0x000014ba        0x2 
 .text._printf_i
                0x000014bc      0x240 /usr/local/gcc-arm-none-eabi-4_9-2015q3/bin/../lib/gcc/arm-none-eabi/4.9.3/../../../../arm-none-eabi/lib/armv7-m/libg_nano.a(lib_a-nano-vfprintf_i.o)
                0x000014bc                _printf_i
 .text.memchr   0x000016fc       0x1c /usr/local/gcc-arm-none-eabi-4_9-2015q3/bin/../lib/gcc/arm-none-eabi/4.9.3/../../../../arm-none-eabi/lib/armv7-m/libg_nano.a(lib_a-memchr.o)
                0x000016fc                memchr
 .text.memcpy   0x00001718       0x16 /usr/local/gcc-arm-none-eabi-4_9-2015q3/bin/../lib/gcc/arm-none-eabi/4.9.3/../../../../arm-none-eabi/lib/armv7-m/libg_nano.a(lib_a-memcpy.o)
                0x00001718                memcpy
 .text.memmove  0x0000172e       0x36 /usr/local/gcc-arm-none-eabi-4_9-2015q3/bin/../lib/gcc/arm-none-eabi/4.9.3/../../../../arm-none-eabi/lib/armv7-m/libg_nano.a(lib_a-memmove.o)
                0x0000172e                memmove
 .text._free_r  0x00001764       0x88 /usr/local/gcc-arm-none-eabi-4_9-2015q3/bin/../lib/gcc/arm-none-eabi/4.9.3/../../../../arm-none-eabi/lib/armv7-m/libg_nano.a(lib_a-nano-freer.o)
                0x00001764                _free_r
 .text._malloc_r
                0x000017ec       0xac /usr/local/gcc-arm-none-eabi-4_9-2015q3/bin/../lib/gcc/arm-none-eabi/4.9.3/../../../../arm-none-eabi/lib/armv7-m/libg_nano.a(lib_a-nano-mallocr.o)
                0x000017ec                _malloc_r
 .text._realloc_r
                0x00001898       0x4c /usr/local/gcc-arm-none-eabi-4_9-2015q3/bin/../lib/gcc/arm-none-eabi/4.9.3/../../../../arm-none-eabi/lib/armv7-m/libg_nano.a(lib_a-nano-reallocr.o)
                0x00001898                _realloc_r
 .text._sbrk_r  0x000018e4       0x20 /usr/local/gcc-arm-none-eabi-4_9-2015q3/bin/../lib/gcc/arm-none-eabi/4.9.3/../../../../arm-none-eabi/lib/armv7-m/libg_nano.a(lib_a-sbrkr.o)
                0x000018e4                _sbrk_r
 .text._malloc_usable_size_r
                0x00001904       0x14 /usr/local/gcc-arm-none-eabi-4_9-2015q3/bin/../lib/gcc/arm-none-eabi/4.9.3/../../../../arm-none-eabi/lib/armv7-m/libg_nano.a(lib_a-nano-msizer.o)
                0x00001904                _malloc_usable_size_r
 *(.rodata .rodata.* .constdata .constdata.*)
 .rodata.str1.4
                0x00001918       0x1f ./system/src/driverlib/gpio.o
 *fill*         0x00001937        0x1 
 .rodata.str1.4
                0x00001938       0x21 ./system/src/driverlib/sysctl.o
 *fill*         0x00001959        0x3 
 .rodata.g_pulRCGCRegs
                0x0000195c        0xc ./system/src/driverlib/sysctl.o
 .rodata.str1.4
                0x00001968       0x29 ./system/src/diag/Trace.o
                                 0x2d (size before relaxing)
 *fill*         0x00001991        0x3 
 .rodata.str1.4
                0x00001994      0x146 ./system/src/cortexm/exception_handlers.o
 *fill*         0x00001ada        0x2 
 .rodata.str1.4
                0x00001adc       0x50 ./src/main.o
                                 0x4f (size before relaxing)
 .rodata.str1.1
                0x00001b2c        0x2 /usr/local/gcc-arm-none-eabi-4_9-2015q3/bin/../lib/gcc/arm-none-eabi/4.9.3/../../../../arm-none-eabi/lib/armv7-m/libg_nano.a(lib_a-impure.o)
 .rodata.str1.1
                0x00001b2e       0x11 /usr/local/gcc-arm-none-eabi-4_9-2015q3/bin/../lib/gcc/arm-none-eabi/4.9.3/../../../../arm-none-eabi/lib/armv7-m/libg_nano.a(lib_a-nano-svfprintf.o)
 .rodata.str1.1
                0x00001b3f       0x22 /usr/local/gcc-arm-none-eabi-4_9-2015q3/bin/../lib/gcc/arm-none-eabi/4.9.3/../../../../arm-none-eabi/lib/armv7-m/libg_nano.a(lib_a-nano-vfprintf_i.o)
 *(vtable)
 *(.eh_frame*)
 *(.glue_7)
 .glue_7        0x00000000        0x0 linker stubs
 *(.glue_7t)
 .glue_7t       0x00000000        0x0 linker stubs

.vfp11_veneer   0x00001b64        0x0
 .vfp11_veneer  0x00000000        0x0 linker stubs

.v4_bx          0x00001b64        0x0
 .v4_bx         0x00000000        0x0 linker stubs

.iplt           0x00001b64        0x0
 .iplt          0x00000000        0x0 ./system/src/newlib/_cxx.o

.rel.dyn        0x00001b64        0x0
 .rel.iplt      0x00000000        0x0 ./system/src/newlib/_cxx.o

.ARM.extab
 *(.ARM.extab* .gnu.linkonce.armextab.*)
                0x00001b64                . = ALIGN (0x4)
                0x00001b64                __exidx_start = .

.ARM.exidx
 *(.ARM.exidx* .gnu.linkonce.armexidx.*)
                0x00001b64                __exidx_end = .
                0x00001b64                . = ALIGN (0x4)
                0x00001b64                _etext = .
                0x00001b64                __etext = .

.data_CCMRAM    0x10000000        0x0 load address 0x00001b64
 FILL mask 0xff
 *(.data.CCMRAM .data.CCMRAM.*)
                0x10000000                . = ALIGN (0x4)
                0x00001b64                _sidata = LOADADDR (.data)

.data           0x20000000       0x78 load address 0x00001b64
 FILL mask 0xff
                0x20000000                _sdata = .
                0x20000000                __data_start__ = .
 *(.data_begin .data_begin.*)
 .data_begin    0x20000000        0x4 ./system/src/newlib/_startup.o
 *(.data .data.*)
 .data.argv.4161
                0x20000004        0x8 ./system/src/newlib/_syscalls.o
 .data.SystemCoreClock
                0x2000000c        0x4 ./system/src/cmsis/system_LM3S.o
                0x2000000c                SystemCoreClock
 .data.impure_data
                0x20000010       0x60 /usr/local/gcc-arm-none-eabi-4_9-2015q3/bin/../lib/gcc/arm-none-eabi/4.9.3/../../../../arm-none-eabi/lib/armv7-m/libg_nano.a(lib_a-impure.o)
 .data._impure_ptr
                0x20000070        0x4 /usr/local/gcc-arm-none-eabi-4_9-2015q3/bin/../lib/gcc/arm-none-eabi/4.9.3/../../../../arm-none-eabi/lib/armv7-m/libg_nano.a(lib_a-impure.o)
                0x20000070                _impure_ptr
 *(.data_end .data_end.*)
 .data_end      0x20000074        0x4 ./system/src/newlib/_startup.o
                0x20000078                . = ALIGN (0x4)
                0x20000078                _edata = .
                0x20000078                __data_end__ = .

.igot.plt       0x20000078        0x0 load address 0x00001bdc
 .igot.plt      0x00000000        0x0 ./system/src/newlib/_cxx.o

.bss_CCMRAM     0x10000000        0x0
 *(.bss.CCMRAM .bss.CCMRAM.*)

.bss            0x20000078       0xa0
                0x20000078                __bss_start__ = .
                0x20000078                _sbss = .
 *(.bss_begin .bss_begin.*)
 .bss_begin     0x20000078        0x4 ./system/src/newlib/_startup.o
 *(.bss .bss.*)
 .bss.current_heap_end.3862
                0x2000007c        0x4 ./system/src/newlib/_sbrk.o
 .bss.name.4160
                0x20000080        0x1 ./system/src/newlib/_syscalls.o
 *fill*         0x20000081        0x3 
 .bss.buf.4998  0x20000084       0x80 ./system/src/diag/Trace.o
 .bss._ZN5Timer13ms_delayCountE
                0x20000104        0x4 ./src/Timer.o
                0x20000104                Timer::ms_delayCount
 .bss.__malloc_sbrk_start
                0x20000108        0x4 /usr/local/gcc-arm-none-eabi-4_9-2015q3/bin/../lib/gcc/arm-none-eabi/4.9.3/../../../../arm-none-eabi/lib/armv7-m/libg_nano.a(lib_a-nano-mallocr.o)
                0x20000108                __malloc_sbrk_start
 .bss.__malloc_free_list
                0x2000010c        0x4 /usr/local/gcc-arm-none-eabi-4_9-2015q3/bin/../lib/gcc/arm-none-eabi/4.9.3/../../../../arm-none-eabi/lib/armv7-m/libg_nano.a(lib_a-nano-mallocr.o)
                0x2000010c                __malloc_free_list
 *(COMMON)
 COMMON         0x20000110        0x4 ./system/src/newlib/_syscalls.o
                0x20000110                errno
 *(.bss_end .bss_end.*)
 .bss_end       0x20000114        0x4 ./system/src/newlib/_startup.o
                0x20000118                . = ALIGN (0x4)
                0x20000118                __bss_end__ = .
                0x20000118                _ebss = .

.noinit_CCMRAM
 *(.noinit.CCMRAM .noinit.CCMRAM.*)

.noinit         0x20000118        0x0
                0x20000118                _noinit = .
 *(.noinit .noinit.*)
                0x20000118                . = ALIGN (0x4)
                0x20000118                _end_noinit = .
                0x20000118                PROVIDE (end, _end_noinit)
                0x20000118                PROVIDE (_end, _end_noinit)
                0x20000118                PROVIDE (__end, _end_noinit)
                0x20000118                PROVIDE (__end__, _end_noinit)

._check_stack   0x20000118      0x100
                0x20000218                . = (. + _Minimum_Stack_Size)
 *fill*         0x20000118      0x100 

.b1text
 *(.b1text)
 *(.b1rodata)
 *(.b1rodata.*)

.eb0text
 *(.eb0text)
 *(.eb0rodata)
 *(.eb0rodata.*)

.eb1text
 *(.eb1text)
 *(.eb1rodata)
 *(.eb1rodata.*)

.eb2text
 *(.eb2text)
 *(.eb2rodata)
 *(.eb2rodata.*)

.eb3text
 *(.eb3text)
 *(.eb3rodata)
 *(.eb3rodata.*)

.stab
 *(.stab)

.stabstr
 *(.stabstr)

.stab.excl
 *(.stab.excl)

.stab.exclstr
 *(.stab.exclstr)

.stab.index
 *(.stab.index)

.stab.indexstr
 *(.stab.indexstr)

.comment        0x00000000       0x70
 *(.comment)
 .comment       0x00000000       0x70 ./system/src/newlib/_exit.o
                                 0x71 (size before relaxing)
 .comment       0x00000000       0x71 ./system/src/newlib/_sbrk.o
 .comment       0x00000000       0x71 ./system/src/newlib/_startup.o
 .comment       0x00000000       0x71 ./system/src/newlib/_syscalls.o
 .comment       0x00000000       0x71 ./system/src/driverlib/gpio.o
 .comment       0x00000000       0x71 ./system/src/driverlib/sysctl.o
 .comment       0x00000000       0x71 ./system/src/diag/Trace.o
 .comment       0x00000000       0x71 ./system/src/diag/trace_impl.o
 .comment       0x00000000       0x71 ./system/src/cortexm/_initialize_hardware.o
 .comment       0x00000000       0x71 ./system/src/cortexm/exception_handlers.o
 .comment       0x00000000       0x71 ./system/src/cmsis/system_LM3S.o
 .comment       0x00000000       0x71 ./system/src/cmsis/vectors_LM3S8962.o
 .comment       0x00000000       0x71 ./src/Timer.o
 .comment       0x00000000       0x71 ./src/main.o

.ARM.attributes
                0x00000000       0x33
 .ARM.attributes
                0x00000000       0x33 ./system/src/newlib/_exit.o
 .ARM.attributes
                0x00000033       0x33 ./system/src/newlib/_sbrk.o
 .ARM.attributes
                0x00000066       0x33 ./system/src/newlib/_startup.o
 .ARM.attributes
                0x00000099       0x33 ./system/src/newlib/_syscalls.o
 .ARM.attributes
                0x000000cc       0x33 ./system/src/driverlib/gpio.o
 .ARM.attributes
                0x000000ff       0x33 ./system/src/driverlib/sysctl.o
 .ARM.attributes
                0x00000132       0x33 ./system/src/diag/Trace.o
 .ARM.attributes
                0x00000165       0x33 ./system/src/diag/trace_impl.o
 .ARM.attributes
                0x00000198       0x33 ./system/src/cortexm/_initialize_hardware.o
 .ARM.attributes
                0x000001cb       0x33 ./system/src/cortexm/exception_handlers.o
 .ARM.attributes
                0x000001fe       0x33 ./system/src/cmsis/system_LM3S.o
 .ARM.attributes
                0x00000231       0x33 ./system/src/cmsis/vectors_LM3S8962.o
 .ARM.attributes
                0x00000264       0x33 ./src/Timer.o
 .ARM.attributes
                0x00000297       0x33 ./src/main.o
 .ARM.attributes
                0x000002ca       0x2d /usr/local/gcc-arm-none-eabi-4_9-2015q3/bin/../lib/gcc/arm-none-eabi/4.9.3/../../../../arm-none-eabi/lib/armv7-m/libg_nano.a(lib_a-errno.o)
 .ARM.attributes
                0x000002f7       0x2d /usr/local/gcc-arm-none-eabi-4_9-2015q3/bin/../lib/gcc/arm-none-eabi/4.9.3/../../../../arm-none-eabi/lib/armv7-m/libg_nano.a(lib_a-impure.o)
 .ARM.attributes
                0x00000324       0x2d /usr/local/gcc-arm-none-eabi-4_9-2015q3/bin/../lib/gcc/arm-none-eabi/4.9.3/../../../../arm-none-eabi/lib/armv7-m/libg_nano.a(lib_a-strlen.o)
 .ARM.attributes
                0x00000351       0x2d /usr/local/gcc-arm-none-eabi-4_9-2015q3/bin/../lib/gcc/arm-none-eabi/4.9.3/../../../../arm-none-eabi/lib/armv7-m/libg_nano.a(lib_a-vsnprintf.o)
 .ARM.attributes
                0x0000037e       0x2d /usr/local/gcc-arm-none-eabi-4_9-2015q3/bin/../lib/gcc/arm-none-eabi/4.9.3/../../../../arm-none-eabi/lib/armv7-m/libg_nano.a(lib_a-nano-svfprintf.o)
 .ARM.attributes
                0x000003ab       0x2d /usr/local/gcc-arm-none-eabi-4_9-2015q3/bin/../lib/gcc/arm-none-eabi/4.9.3/../../../../arm-none-eabi/lib/armv7-m/libg_nano.a(lib_a-nano-vfprintf_i.o)
 .ARM.attributes
                0x000003d8       0x2d /usr/local/gcc-arm-none-eabi-4_9-2015q3/bin/../lib/gcc/arm-none-eabi/4.9.3/../../../../arm-none-eabi/lib/armv7-m/libg_nano.a(lib_a-memchr.o)
 .ARM.attributes
                0x00000405       0x2d /usr/local/gcc-arm-none-eabi-4_9-2015q3/bin/../lib/gcc/arm-none-eabi/4.9.3/../../../../arm-none-eabi/lib/armv7-m/libg_nano.a(lib_a-memcpy.o)
 .ARM.attributes
                0x00000432       0x2d /usr/local/gcc-arm-none-eabi-4_9-2015q3/bin/../lib/gcc/arm-none-eabi/4.9.3/../../../../arm-none-eabi/lib/armv7-m/libg_nano.a(lib_a-memmove.o)
 .ARM.attributes
                0x0000045f       0x2d /usr/local/gcc-arm-none-eabi-4_9-2015q3/bin/../lib/gcc/arm-none-eabi/4.9.3/../../../../arm-none-eabi/lib/armv7-m/libg_nano.a(lib_a-nano-freer.o)
 .ARM.attributes
                0x0000048c       0x2d /usr/local/gcc-arm-none-eabi-4_9-2015q3/bin/../lib/gcc/arm-none-eabi/4.9.3/../../../../arm-none-eabi/lib/armv7-m/libg_nano.a(lib_a-nano-mallocr.o)
 .ARM.attributes
                0x000004b9       0x2d /usr/local/gcc-arm-none-eabi-4_9-2015q3/bin/../lib/gcc/arm-none-eabi/4.9.3/../../../../arm-none-eabi/lib/armv7-m/libg_nano.a(lib_a-nano-reallocr.o)
 .ARM.attributes
                0x000004e6       0x2d /usr/local/gcc-arm-none-eabi-4_9-2015q3/bin/../lib/gcc/arm-none-eabi/4.9.3/../../../../arm-none-eabi/lib/armv7-m/libg_nano.a(lib_a-sbrkr.o)
 .ARM.attributes
                0x00000513       0x2d /usr/local/gcc-arm-none-eabi-4_9-2015q3/bin/../lib/gcc/arm-none-eabi/4.9.3/../../../../arm-none-eabi/lib/armv7-m/libg_nano.a(lib_a-nano-msizer.o)

.debug
 *(.debug)

.line
 *(.line)

.debug_srcinfo
 *(.debug_srcinfo)

.debug_sfnames
 *(.debug_sfnames)

.debug_aranges  0x00000000      0x588
 *(.debug_aranges)
 .debug_aranges
                0x00000000       0x28 ./system/src/newlib/_exit.o
 .debug_aranges
                0x00000028       0x20 ./system/src/newlib/_sbrk.o
 .debug_aranges
                0x00000048       0x40 ./system/src/newlib/_startup.o
 .debug_aranges
                0x00000088       0x30 ./system/src/newlib/_syscalls.o
 .debug_aranges
                0x000000b8      0x178 ./system/src/driverlib/gpio.o
 .debug_aranges
                0x00000230      0x1a8 ./system/src/driverlib/sysctl.o
 .debug_aranges
                0x000003d8       0x38 ./system/src/diag/Trace.o
 .debug_aranges
                0x00000410       0x30 ./system/src/diag/trace_impl.o
 .debug_aranges
                0x00000440       0x28 ./system/src/cortexm/_initialize_hardware.o
 .debug_aranges
                0x00000468       0x88 ./system/src/cortexm/exception_handlers.o
 .debug_aranges
                0x000004f0       0x28 ./system/src/cmsis/system_LM3S.o
 .debug_aranges
                0x00000518       0x20 ./system/src/cmsis/vectors_LM3S8962.o
 .debug_aranges
                0x00000538       0x28 ./src/Timer.o
 .debug_aranges
                0x00000560       0x28 ./src/main.o

.debug_pubnames
 *(.debug_pubnames)

.debug_info     0x00000000     0x50c7
 *(.debug_info .gnu.linkonce.wi.*)
 .debug_info    0x00000000      0x100 ./system/src/newlib/_exit.o
 .debug_info    0x00000100      0x125 ./system/src/newlib/_sbrk.o
 .debug_info    0x00000225      0x474 ./system/src/newlib/_startup.o
 .debug_info    0x00000699      0x1bc ./system/src/newlib/_syscalls.o
 .debug_info    0x00000855     0x1a4c ./system/src/driverlib/gpio.o
 .debug_info    0x000022a1      0xdd6 ./system/src/driverlib/sysctl.o
 .debug_info    0x00003077      0x32b ./system/src/diag/Trace.o
 .debug_info    0x000033a2      0x3dd ./system/src/diag/trace_impl.o
 .debug_info    0x0000377f      0x294 ./system/src/cortexm/_initialize_hardware.o
 .debug_info    0x00003a13      0x7a1 ./system/src/cortexm/exception_handlers.o
 .debug_info    0x000041b4      0x428 ./system/src/cmsis/system_LM3S.o
 .debug_info    0x000045dc       0xd0 ./system/src/cmsis/vectors_LM3S8962.o
 .debug_info    0x000046ac      0x1a0 ./src/Timer.o
 .debug_info    0x0000484c      0x87b ./src/main.o

.debug_abbrev   0x00000000     0x13bb
 *(.debug_abbrev)
 .debug_abbrev  0x00000000       0xa4 ./system/src/newlib/_exit.o
 .debug_abbrev  0x000000a4       0xbb ./system/src/newlib/_sbrk.o
 .debug_abbrev  0x0000015f      0x1e9 ./system/src/newlib/_startup.o
 .debug_abbrev  0x00000348       0xee ./system/src/newlib/_syscalls.o
 .debug_abbrev  0x00000436      0x151 ./system/src/driverlib/gpio.o
 .debug_abbrev  0x00000587      0x1d1 ./system/src/driverlib/sysctl.o
 .debug_abbrev  0x00000758      0x178 ./system/src/diag/Trace.o
 .debug_abbrev  0x000008d0      0x188 ./system/src/diag/trace_impl.o
 .debug_abbrev  0x00000a58       0xea ./system/src/cortexm/_initialize_hardware.o
 .debug_abbrev  0x00000b42      0x1d6 ./system/src/cortexm/exception_handlers.o
 .debug_abbrev  0x00000d18      0x170 ./system/src/cmsis/system_LM3S.o
 .debug_abbrev  0x00000e88       0x9d ./system/src/cmsis/vectors_LM3S8962.o
 .debug_abbrev  0x00000f25      0x181 ./src/Timer.o
 .debug_abbrev  0x000010a6      0x315 ./src/main.o

.debug_line     0x00000000     0x2f82
 *(.debug_line)
 .debug_line    0x00000000      0x28a ./system/src/newlib/_exit.o
 .debug_line    0x0000028a      0x238 ./system/src/newlib/_sbrk.o
 .debug_line    0x000004c2      0x2f6 ./system/src/newlib/_startup.o
 .debug_line    0x000007b8      0x355 ./system/src/newlib/_syscalls.o
 .debug_line    0x00000b0d      0x804 ./system/src/driverlib/gpio.o
 .debug_line    0x00001311      0x87b ./system/src/driverlib/sysctl.o
 .debug_line    0x00001b8c      0x2e5 ./system/src/diag/Trace.o
 .debug_line    0x00001e71      0x337 ./system/src/diag/trace_impl.o
 .debug_line    0x000021a8      0x160 ./system/src/cortexm/_initialize_hardware.o
 .debug_line    0x00002308      0x3fb ./system/src/cortexm/exception_handlers.o
 .debug_line    0x00002703      0x1e2 ./system/src/cmsis/system_LM3S.o
 .debug_line    0x000028e5       0xf6 ./system/src/cmsis/vectors_LM3S8962.o
 .debug_line    0x000029db      0x192 ./src/Timer.o
 .debug_line    0x00002b6d      0x415 ./src/main.o

.debug_frame    0x00000000     0x102c
 *(.debug_frame)
 .debug_frame   0x00000000       0x38 ./system/src/newlib/_exit.o
 .debug_frame   0x00000038       0x28 ./system/src/newlib/_sbrk.o
 .debug_frame   0x00000060       0x7c ./system/src/newlib/_startup.o
 .debug_frame   0x000000dc       0x50 ./system/src/newlib/_syscalls.o
 .debug_frame   0x0000012c      0x4cc ./system/src/driverlib/gpio.o
 .debug_frame   0x000005f8      0x428 ./system/src/driverlib/sysctl.o
 .debug_frame   0x00000a20       0x94 ./system/src/diag/Trace.o
 .debug_frame   0x00000ab4       0x54 ./system/src/diag/trace_impl.o
 .debug_frame   0x00000b08       0x40 ./system/src/cortexm/_initialize_hardware.o
 .debug_frame   0x00000b48      0x144 ./system/src/cortexm/exception_handlers.o
 .debug_frame   0x00000c8c       0x44 ./system/src/cmsis/system_LM3S.o
 .debug_frame   0x00000cd0       0x20 ./system/src/cmsis/vectors_LM3S8962.o
 .debug_frame   0x00000cf0       0x30 ./src/Timer.o
 .debug_frame   0x00000d20       0x40 ./src/main.o
 .debug_frame   0x00000d60       0x20 /usr/local/gcc-arm-none-eabi-4_9-2015q3/bin/../lib/gcc/arm-none-eabi/4.9.3/../../../../arm-none-eabi/lib/armv7-m/libg_nano.a(lib_a-errno.o)
 .debug_frame   0x00000d80       0x20 /usr/local/gcc-arm-none-eabi-4_9-2015q3/bin/../lib/gcc/arm-none-eabi/4.9.3/../../../../arm-none-eabi/lib/armv7-m/libg_nano.a(lib_a-strlen.o)
 .debug_frame   0x00000da0       0x50 /usr/local/gcc-arm-none-eabi-4_9-2015q3/bin/../lib/gcc/arm-none-eabi/4.9.3/../../../../arm-none-eabi/lib/armv7-m/libg_nano.a(lib_a-vsnprintf.o)
 .debug_frame   0x00000df0       0x8c /usr/local/gcc-arm-none-eabi-4_9-2015q3/bin/../lib/gcc/arm-none-eabi/4.9.3/../../../../arm-none-eabi/lib/armv7-m/libg_nano.a(lib_a-nano-svfprintf.o)
 .debug_frame   0x00000e7c       0x58 /usr/local/gcc-arm-none-eabi-4_9-2015q3/bin/../lib/gcc/arm-none-eabi/4.9.3/../../../../arm-none-eabi/lib/armv7-m/libg_nano.a(lib_a-nano-vfprintf_i.o)
 .debug_frame   0x00000ed4       0x28 /usr/local/gcc-arm-none-eabi-4_9-2015q3/bin/../lib/gcc/arm-none-eabi/4.9.3/../../../../arm-none-eabi/lib/armv7-m/libg_nano.a(lib_a-memchr.o)
 .debug_frame   0x00000efc       0x28 /usr/local/gcc-arm-none-eabi-4_9-2015q3/bin/../lib/gcc/arm-none-eabi/4.9.3/../../../../arm-none-eabi/lib/armv7-m/libg_nano.a(lib_a-memcpy.o)
 .debug_frame   0x00000f24       0x28 /usr/local/gcc-arm-none-eabi-4_9-2015q3/bin/../lib/gcc/arm-none-eabi/4.9.3/../../../../arm-none-eabi/lib/armv7-m/libg_nano.a(lib_a-memmove.o)
 .debug_frame   0x00000f4c       0x2c /usr/local/gcc-arm-none-eabi-4_9-2015q3/bin/../lib/gcc/arm-none-eabi/4.9.3/../../../../arm-none-eabi/lib/armv7-m/libg_nano.a(lib_a-nano-freer.o)
 .debug_frame   0x00000f78       0x2c /usr/local/gcc-arm-none-eabi-4_9-2015q3/bin/../lib/gcc/arm-none-eabi/4.9.3/../../../../arm-none-eabi/lib/armv7-m/libg_nano.a(lib_a-nano-mallocr.o)
 .debug_frame   0x00000fa4       0x3c /usr/local/gcc-arm-none-eabi-4_9-2015q3/bin/../lib/gcc/arm-none-eabi/4.9.3/../../../../arm-none-eabi/lib/armv7-m/libg_nano.a(lib_a-nano-reallocr.o)
 .debug_frame   0x00000fe0       0x2c /usr/local/gcc-arm-none-eabi-4_9-2015q3/bin/../lib/gcc/arm-none-eabi/4.9.3/../../../../arm-none-eabi/lib/armv7-m/libg_nano.a(lib_a-sbrkr.o)
 .debug_frame   0x0000100c       0x20 /usr/local/gcc-arm-none-eabi-4_9-2015q3/bin/../lib/gcc/arm-none-eabi/4.9.3/../../../../arm-none-eabi/lib/armv7-m/libg_nano.a(lib_a-nano-msizer.o)

.debug_str      0x00000000    0x2a707
 *(.debug_str)
 .debug_str     0x00000000     0x5e2d ./system/src/newlib/_exit.o
                               0x5f97 (size before relaxing)
 .debug_str     0x00005e2d      0x4de ./system/src/newlib/_sbrk.o
                               0x53a8 (size before relaxing)
 .debug_str     0x0000630b      0xbc5 ./system/src/newlib/_startup.o
                               0x4f80 (size before relaxing)
 .debug_str     0x00006ed0     0x11be ./system/src/newlib/_syscalls.o
                               0x65a8 (size before relaxing)
 .debug_str     0x0000808e    0x10d73 ./system/src/driverlib/gpio.o
                              0x13287 (size before relaxing)
 .debug_str     0x00018e01     0xa4d5 ./system/src/driverlib/sysctl.o
                              0x1bbb1 (size before relaxing)
 .debug_str     0x000232d6      0x9c9 ./system/src/diag/Trace.o
                               0x68b8 (size before relaxing)
 .debug_str     0x00023c9f     0x4e99 ./system/src/diag/trace_impl.o
                               0xab6e (size before relaxing)
 .debug_str     0x00028b38       0xa9 ./system/src/cortexm/_initialize_hardware.o
                               0x7dec (size before relaxing)
 .debug_str     0x00028be1      0x1e5 ./system/src/cortexm/exception_handlers.o
                               0xb8c2 (size before relaxing)
 .debug_str     0x00028dc6      0x492 ./system/src/cmsis/system_LM3S.o
                               0x81df (size before relaxing)
 .debug_str     0x00029258       0x56 ./system/src/cmsis/vectors_LM3S8962.o
                               0x2ff5 (size before relaxing)
 .debug_str     0x000292ae      0x494 ./src/Timer.o
                               0x7fed (size before relaxing)
 .debug_str     0x00029742      0xfc5 ./src/main.o
                              0x1157c (size before relaxing)

.debug_loc      0x00000000     0x2b07
 *(.debug_loc)
 .debug_loc     0x00000000       0x82 ./system/src/newlib/_sbrk.o
 .debug_loc     0x00000082      0x265 ./system/src/newlib/_startup.o
 .debug_loc     0x000002e7       0x63 ./system/src/newlib/_syscalls.o
 .debug_loc     0x0000034a     0x1382 ./system/src/driverlib/gpio.o
 .debug_loc     0x000016cc      0xfe9 ./system/src/driverlib/sysctl.o
 .debug_loc     0x000026b5       0xf7 ./system/src/diag/Trace.o
 .debug_loc     0x000027ac       0x97 ./system/src/diag/trace_impl.o
 .debug_loc     0x00002843      0x184 ./system/src/cortexm/exception_handlers.o
 .debug_loc     0x000029c7       0x4d ./system/src/cmsis/system_LM3S.o
 .debug_loc     0x00002a14       0xf3 ./src/main.o

.debug_macinfo
 *(.debug_macinfo)

.debug_weaknames
 *(.debug_weaknames)

.debug_funcnames
 *(.debug_funcnames)

.debug_typenames
 *(.debug_typenames)

.debug_varnames
 *(.debug_varnames)
OUTPUT(blinky.elf elf32-littlearm)

.debug_ranges   0x00000000      0x4d8
 .debug_ranges  0x00000000       0x18 ./system/src/newlib/_exit.o
 .debug_ranges  0x00000018       0x10 ./system/src/newlib/_sbrk.o
 .debug_ranges  0x00000028       0x48 ./system/src/newlib/_startup.o
 .debug_ranges  0x00000070       0x20 ./system/src/newlib/_syscalls.o
 .debug_ranges  0x00000090      0x168 ./system/src/driverlib/gpio.o
 .debug_ranges  0x000001f8      0x198 ./system/src/driverlib/sysctl.o
 .debug_ranges  0x00000390       0x28 ./system/src/diag/Trace.o
 .debug_ranges  0x000003b8       0x20 ./system/src/diag/trace_impl.o
 .debug_ranges  0x000003d8       0x18 ./system/src/cortexm/_initialize_hardware.o
 .debug_ranges  0x000003f0       0x78 ./system/src/cortexm/exception_handlers.o
 .debug_ranges  0x00000468       0x18 ./system/src/cmsis/system_LM3S.o
 .debug_ranges  0x00000480       0x10 ./system/src/cmsis/vectors_LM3S8962.o
 .debug_ranges  0x00000490       0x18 ./src/Timer.o
 .debug_ranges  0x000004a8       0x30 ./src/main.o

.debug_macro    0x00000000     0x4e47
 .debug_macro   0x00000000      0x131 ./system/src/newlib/_exit.o
 .debug_macro   0x00000131      0x874 ./system/src/newlib/_exit.o
 .debug_macro   0x000009a5       0x9c ./system/src/newlib/_exit.o
 .debug_macro   0x00000a41      0x10e ./system/src/newlib/_exit.o
 .debug_macro   0x00000b4f       0x86 ./system/src/newlib/_exit.o
 .debug_macro   0x00000bd5       0x43 ./system/src/newlib/_exit.o
 .debug_macro   0x00000c18      0x27a ./system/src/newlib/_exit.o
 .debug_macro   0x00000e92       0x35 ./system/src/newlib/_exit.o
 .debug_macro   0x00000ec7       0xed ./system/src/newlib/_sbrk.o
 .debug_macro   0x00000fb4      0x16d ./system/src/newlib/_sbrk.o
 .debug_macro   0x00001121       0x10 ./system/src/newlib/_sbrk.o
 .debug_macro   0x00001131      0x23b ./system/src/newlib/_sbrk.o
 .debug_macro   0x0000136c       0xf7 ./system/src/newlib/_startup.o
 .debug_macro   0x00001463      0x34e ./system/src/newlib/_startup.o
 .debug_macro   0x000017b1      0x1ad ./system/src/newlib/_syscalls.o
 .debug_macro   0x0000195e       0x1c ./system/src/newlib/_syscalls.o
 .debug_macro   0x0000197a       0x10 ./system/src/newlib/_syscalls.o
 .debug_macro   0x0000198a       0x10 ./system/src/newlib/_syscalls.o
 .debug_macro   0x0000199a       0x10 ./system/src/newlib/_syscalls.o
 .debug_macro   0x000019aa       0x10 ./system/src/newlib/_syscalls.o
 .debug_macro   0x000019ba       0x35 ./system/src/newlib/_syscalls.o
 .debug_macro   0x000019ef      0x122 ./system/src/newlib/_syscalls.o
 .debug_macro   0x00001b11       0x2e ./system/src/newlib/_syscalls.o
 .debug_macro   0x00001b3f       0x82 ./system/src/newlib/_syscalls.o
 .debug_macro   0x00001bc1       0x2b ./system/src/newlib/_syscalls.o
 .debug_macro   0x00001bec      0x118 ./system/src/newlib/_syscalls.o
 .debug_macro   0x00001d04      0x159 ./system/src/newlib/_syscalls.o
 .debug_macro   0x00001e5d       0x16 ./system/src/newlib/_syscalls.o
 .debug_macro   0x00001e73       0x63 ./system/src/driverlib/gpio.o
 .debug_macro   0x00001ed6       0xb2 ./system/src/driverlib/gpio.o
 .debug_macro   0x00001f88       0x6a ./system/src/driverlib/gpio.o
 .debug_macro   0x00001ff2      0x221 ./system/src/driverlib/gpio.o
 .debug_macro   0x00002213       0x97 ./system/src/driverlib/sysctl.o
 .debug_macro   0x000022aa      0x15e ./system/src/diag/Trace.o
 .debug_macro   0x00002408       0x16 ./system/src/diag/Trace.o
 .debug_macro   0x0000241e       0x97 ./system/src/diag/Trace.o
 .debug_macro   0x000024b5       0xf6 ./system/src/diag/Trace.o
 .debug_macro   0x000025ab       0x10 ./system/src/diag/Trace.o
 .debug_macro   0x000025bb       0x16 ./system/src/diag/Trace.o
 .debug_macro   0x000025d1      0x197 ./system/src/diag/Trace.o
 .debug_macro   0x00002768       0x52 ./system/src/diag/Trace.o
 .debug_macro   0x000027ba       0x16 ./system/src/diag/Trace.o
 .debug_macro   0x000027d0      0x161 ./system/src/diag/trace_impl.o
 .debug_macro   0x00002931       0x22 ./system/src/diag/trace_impl.o
 .debug_macro   0x00002953       0x35 ./system/src/diag/trace_impl.o
 .debug_macro   0x00002988       0x34 ./system/src/diag/trace_impl.o
 .debug_macro   0x000029bc      0xca6 ./system/src/diag/trace_impl.o
 .debug_macro   0x00003662      0x170 ./system/src/diag/trace_impl.o
 .debug_macro   0x000037d2       0x10 ./system/src/diag/trace_impl.o
 .debug_macro   0x000037e2       0xc8 ./system/src/diag/trace_impl.o
 .debug_macro   0x000038aa       0x19 ./system/src/diag/trace_impl.o
 .debug_macro   0x000038c3       0xbe ./system/src/diag/trace_impl.o
 .debug_macro   0x00003981       0x79 ./system/src/cortexm/_initialize_hardware.o
 .debug_macro   0x000039fa      0x1a2 ./system/src/cortexm/exception_handlers.o
 .debug_macro   0x00003b9c       0x3b ./system/src/cortexm/exception_handlers.o
 .debug_macro   0x00003bd7       0x22 ./system/src/cortexm/exception_handlers.o
 .debug_macro   0x00003bf9       0x10 ./system/src/cortexm/exception_handlers.o
 .debug_macro   0x00003c09      0x11f ./system/src/cmsis/system_LM3S.o
 .debug_macro   0x00003d28       0x34 ./system/src/cmsis/vectors_LM3S8962.o
 .debug_macro   0x00003d5c       0x8c ./src/Timer.o
 .debug_macro   0x00003de8      0xca6 ./src/Timer.o
 .debug_macro   0x00004a8e       0x10 ./src/Timer.o
 .debug_macro   0x00004a9e      0x215 ./src/main.o
 .debug_macro   0x00004cb3       0x97 ./src/main.o
 .debug_macro   0x00004d4a       0xfd ./src/main.o
